  Determining projects to restore...
C:\Program Files\dotnet\sdk\9.0.102\Sdks\Microsoft.NET.Sdk\targets\Microsoft.NET.Sdk.DefaultItems.Shared.targets(111,5): warning NETSDK1080: A PackageReference to Microsoft.AspNetCore.App is not necessary when targeting .NET Core 3.0 or higher. If Microsoft.NET.Sdk.Web is used, the shared framework will be referenced automatically. Otherwise, the PackageReference should be replaced with a FrameworkReference. [C:\Users\leman\OneDrive\─░┼ƒ masas─▒\MicroJob\src\Services\Job\JobUser\Job.Business\Job.Business.csproj]
  All projects are up-to-date for restore.
C:\Program Files\dotnet\sdk\9.0.102\Sdks\Microsoft.NET.Sdk\targets\Microsoft.NET.Sdk.DefaultItems.Shared.targets(111,5): warning NETSDK1080: A PackageReference to Microsoft.AspNetCore.App is not necessary when targeting .NET Core 3.0 or higher. If Microsoft.NET.Sdk.Web is used, the shared framework will be referenced automatically. Otherwise, the PackageReference should be replaced with a FrameworkReference. [C:\Users\leman\OneDrive\─░┼ƒ masas─▒\MicroJob\src\Services\Job\JobUser\Job.Business\Job.Business.csproj]
  AuthService.Core -> C:\Users\leman\OneDrive\─░┼ƒ masas─▒\MicroJob\src\Services\Authentication\AuthService.Core\bin\Debug\net8.0\AuthService.Core.dll
  SharedLibrary -> C:\Users\leman\OneDrive\─░┼ƒ masas─▒\MicroJob\src\Shared\bin\Debug\net8.0\SharedLibrary.dll
  AuthService.DAL -> C:\Users\leman\OneDrive\─░┼ƒ masas─▒\MicroJob\src\Services\Authentication\AuthService.DAL\bin\Debug\net8.0\AuthService.DAL.dll
  Job.Core -> C:\Users\leman\OneDrive\─░┼ƒ masas─▒\MicroJob\src\Services\Job\JobUser\Job.Core\bin\Debug\net8.0\Job.Core.dll
  JobCompany.Core -> C:\Users\leman\OneDrive\─░┼ƒ masas─▒\MicroJob\src\Services\Job\JobCompany\JobCompany.Core\bin\Debug\net8.0\JobCompany.Core.dll
  AuthService.Business -> C:\Users\leman\OneDrive\─░┼ƒ masas─▒\MicroJob\src\Services\Authentication\AuthService.Business\bin\Debug\net8.0\AuthService.Business.dll
  Job.DAL -> C:\Users\leman\OneDrive\─░┼ƒ masas─▒\MicroJob\src\Services\Job\JobUser\Job.DAL\bin\Debug\net8.0\Job.DAL.dll
  JobCompany.DAL -> C:\Users\leman\OneDrive\─░┼ƒ masas─▒\MicroJob\src\Services\Job\JobCompany\JobCompany.DAL\bin\Debug\net8.0\JobCompany.DAL.dll
  JobCompany.Business -> C:\Users\leman\OneDrive\─░┼ƒ masas─▒\MicroJob\src\Services\Job\JobCompany\JobCompany.Business\bin\Debug\net8.0\JobCompany.Business.dll
  Job.Gateway -> C:\Users\leman\OneDrive\─░┼ƒ masas─▒\MicroJob\Gateway\Job.Gateway\bin\Debug\net8.0\Job.Gateway.dll
  AuthService.API -> C:\Users\leman\OneDrive\─░┼ƒ masas─▒\MicroJob\src\Services\Authentication\AuthService.API\bin\Debug\net8.0\AuthService.API.dll
C:\Users\leman\OneDrive\─░┼ƒ masas─▒\MicroJob\src\Services\Job\JobUser\Job.Business\Dtos\SkillDtos\SkillUpdateDto.cs(6,19): warning CS8618: Non-nullable property 'Name' must contain a non-null value when exiting constructor. Consider adding the 'required' modifier or declaring the property as nullable. [C:\Users\leman\OneDrive\─░┼ƒ masas─▒\MicroJob\src\Services\Job\JobUser\Job.Business\Job.Business.csproj]
C:\Users\leman\OneDrive\─░┼ƒ masas─▒\MicroJob\src\Services\Job\JobUser\Job.Business\Dtos\SkillDtos\SkillGetByIdDto.cs(11,23): warning CS8618: Non-nullable property 'Name' must contain a non-null value when exiting constructor. Consider adding the 'required' modifier or declaring the property as nullable. [C:\Users\leman\OneDrive\─░┼ƒ masas─▒\MicroJob\src\Services\Job\JobUser\Job.Business\Job.Business.csproj]
C:\Users\leman\OneDrive\─░┼ƒ masas─▒\MicroJob\src\Services\Job\JobUser\Job.Business\Exceptions\UserExceptions\UserIsNotLoggedInException.cs(23,28): warning CS8601: Possible null reference assignment. [C:\Users\leman\OneDrive\─░┼ƒ masas─▒\MicroJob\src\Services\Job\JobUser\Job.Business\Job.Business.csproj]
C:\Users\leman\OneDrive\─░┼ƒ masas─▒\MicroJob\src\Services\Job\JobUser\Job.Business\Exceptions\UserExceptions\UserIsNotLoggedInException.cs(21,16): warning CS8618: Non-nullable property 'ErrorMessage' must contain a non-null value when exiting constructor. Consider adding the 'required' modifier or declaring the property as nullable. [C:\Users\leman\OneDrive\─░┼ƒ masas─▒\MicroJob\src\Services\Job\JobUser\Job.Business\Job.Business.csproj]
C:\Users\leman\OneDrive\─░┼ƒ masas─▒\MicroJob\src\Services\Job\JobUser\Job.Business\Exceptions\Common\NotFoundException.cs(23,28): warning CS8601: Possible null reference assignment. [C:\Users\leman\OneDrive\─░┼ƒ masas─▒\MicroJob\src\Services\Job\JobUser\Job.Business\Job.Business.csproj]
C:\Users\leman\OneDrive\─░┼ƒ masas─▒\MicroJob\src\Services\Job\JobUser\Job.Business\Exceptions\Common\NotFoundException.cs(21,16): warning CS8618: Non-nullable property 'ErrorMessage' must contain a non-null value when exiting constructor. Consider adding the 'required' modifier or declaring the property as nullable. [C:\Users\leman\OneDrive\─░┼ƒ masas─▒\MicroJob\src\Services\Job\JobUser\Job.Business\Job.Business.csproj]
C:\Users\leman\OneDrive\─░┼ƒ masas─▒\MicroJob\src\Services\Job\JobUser\Job.Business\Dtos\SkillDtos\SkillDto.cs(5,23): warning CS8618: Non-nullable property 'Name' must contain a non-null value when exiting constructor. Consider adding the 'required' modifier or declaring the property as nullable. [C:\Users\leman\OneDrive\─░┼ƒ masas─▒\MicroJob\src\Services\Job\JobUser\Job.Business\Job.Business.csproj]
C:\Users\leman\OneDrive\─░┼ƒ masas─▒\MicroJob\src\Services\Job\JobUser\Job.Business\Exceptions\UserExceptions\UserAlreadyCompletedExamException.cs(16,24): warning CS8601: Possible null reference assignment. [C:\Users\leman\OneDrive\─░┼ƒ masas─▒\MicroJob\src\Services\Job\JobUser\Job.Business\Job.Business.csproj]
C:\Users\leman\OneDrive\─░┼ƒ masas─▒\MicroJob\src\Services\Job\JobUser\Job.Business\Exceptions\UserExceptions\UserAlreadyCompletedExamException.cs(14,12): warning CS8618: Non-nullable property 'ErrorMessage' must contain a non-null value when exiting constructor. Consider adding the 'required' modifier or declaring the property as nullable. [C:\Users\leman\OneDrive\─░┼ƒ masas─▒\MicroJob\src\Services\Job\JobUser\Job.Business\Job.Business.csproj]
C:\Users\leman\OneDrive\─░┼ƒ masas─▒\MicroJob\src\Services\Job\JobUser\Job.Business\Exceptions\Common\IsAlreadyExistException.cs(23,28): warning CS8601: Possible null reference assignment. [C:\Users\leman\OneDrive\─░┼ƒ masas─▒\MicroJob\src\Services\Job\JobUser\Job.Business\Job.Business.csproj]
C:\Users\leman\OneDrive\─░┼ƒ masas─▒\MicroJob\src\Services\Job\JobUser\Job.Business\Exceptions\Common\IsAlreadyExistException.cs(21,16): warning CS8618: Non-nullable property 'ErrorMessage' must contain a non-null value when exiting constructor. Consider adding the 'required' modifier or declaring the property as nullable. [C:\Users\leman\OneDrive\─░┼ƒ masas─▒\MicroJob\src\Services\Job\JobUser\Job.Business\Job.Business.csproj]
C:\Users\leman\OneDrive\─░┼ƒ masas─▒\MicroJob\src\Services\Job\JobUser\Job.Business\Exceptions\UserExceptions\NotFoundUserException.cs(23,28): warning CS8601: Possible null reference assignment. [C:\Users\leman\OneDrive\─░┼ƒ masas─▒\MicroJob\src\Services\Job\JobUser\Job.Business\Job.Business.csproj]
C:\Users\leman\OneDrive\─░┼ƒ masas─▒\MicroJob\src\Services\Job\JobUser\Job.Business\Exceptions\UserExceptions\NotFoundUserException.cs(21,16): warning CS8618: Non-nullable property 'ErrorMessage' must contain a non-null value when exiting constructor. Consider adding the 'required' modifier or declaring the property as nullable. [C:\Users\leman\OneDrive\─░┼ƒ masas─▒\MicroJob\src\Services\Job\JobUser\Job.Business\Job.Business.csproj]
C:\Users\leman\OneDrive\─░┼ƒ masas─▒\MicroJob\src\Services\Job\JobUser\Job.Business\Exceptions\Common\CreateException.cs(23,28): warning CS8601: Possible null reference assignment. [C:\Users\leman\OneDrive\─░┼ƒ masas─▒\MicroJob\src\Services\Job\JobUser\Job.Business\Job.Business.csproj]
C:\Users\leman\OneDrive\─░┼ƒ masas─▒\MicroJob\src\Services\Job\JobUser\Job.Business\Exceptions\Common\CreateException.cs(21,16): warning CS8618: Non-nullable property 'ErrorMessage' must contain a non-null value when exiting constructor. Consider adding the 'required' modifier or declaring the property as nullable. [C:\Users\leman\OneDrive\─░┼ƒ masas─▒\MicroJob\src\Services\Job\JobUser\Job.Business\Job.Business.csproj]
C:\Users\leman\OneDrive\─░┼ƒ masas─▒\MicroJob\src\Services\Job\JobUser\Job.Business\Exceptions\ApplicationExceptions\ApplicationIsAlreadyExistException.cs(24,28): warning CS8601: Possible null reference assignment. [C:\Users\leman\OneDrive\─░┼ƒ masas─▒\MicroJob\src\Services\Job\JobUser\Job.Business\Job.Business.csproj]
C:\Users\leman\OneDrive\─░┼ƒ masas─▒\MicroJob\src\Services\Job\JobUser\Job.Business\Exceptions\ApplicationExceptions\ApplicationIsAlreadyExistException.cs(21,16): warning CS8618: Non-nullable property 'ErrorMessage' must contain a non-null value when exiting constructor. Consider adding the 'required' modifier or declaring the property as nullable. [C:\Users\leman\OneDrive\─░┼ƒ masas─▒\MicroJob\src\Services\Job\JobUser\Job.Business\Job.Business.csproj]
C:\Users\leman\OneDrive\─░┼ƒ masas─▒\MicroJob\src\Services\Job\JobUser\Job.Business\Dtos\SkillDtos\SkillCreateDto.cs(14,19): warning CS8618: Non-nullable property 'Name' must contain a non-null value when exiting constructor. Consider adding the 'required' modifier or declaring the property as nullable. [C:\Users\leman\OneDrive\─░┼ƒ masas─▒\MicroJob\src\Services\Job\JobUser\Job.Business\Job.Business.csproj]
C:\Users\leman\OneDrive\─░┼ƒ masas─▒\MicroJob\src\Services\Job\JobUser\Job.Business\Dtos\SkillDtos\SkillCreateDto.cs(9,41): warning CS8618: Non-nullable property 'Skills' must contain a non-null value when exiting constructor. Consider adding the 'required' modifier or declaring the property as nullable. [C:\Users\leman\OneDrive\─░┼ƒ masas─▒\MicroJob\src\Services\Job\JobUser\Job.Business\Job.Business.csproj]
C:\Users\leman\OneDrive\─░┼ƒ masas─▒\MicroJob\src\Services\Job\JobUser\Job.Business\Dtos\SkillDtos\GetAllSkillDto.cs(6,23): warning CS8618: Non-nullable property 'Name' must contain a non-null value when exiting constructor. Consider adding the 'required' modifier or declaring the property as nullable. [C:\Users\leman\OneDrive\─░┼ƒ masas─▒\MicroJob\src\Services\Job\JobUser\Job.Business\Job.Business.csproj]
C:\Users\leman\OneDrive\─░┼ƒ masas─▒\MicroJob\src\Services\Job\JobUser\Job.Business\Dtos\ResumeDtos\ResumeUpdateListDto.cs(14,36): warning CS8618: Non-nullable property 'NumberUpdateDtos' must contain a non-null value when exiting constructor. Consider adding the 'required' modifier or declaring the property as nullable. [C:\Users\leman\OneDrive\─░┼ƒ masas─▒\MicroJob\src\Services\Job\JobUser\Job.Business\Job.Business.csproj]
C:\Users\leman\OneDrive\─░┼ƒ masas─▒\MicroJob\src\Services\Job\JobUser\Job.Business\Dtos\ResumeDtos\ResumeUpdateListDto.cs(15,40): warning CS8618: Non-nullable property 'ExperienceUpdateDtos' must contain a non-null value when exiting constructor. Consider adding the 'required' modifier or declaring the property as nullable. [C:\Users\leman\OneDrive\─░┼ƒ masas─▒\MicroJob\src\Services\Job\JobUser\Job.Business\Job.Business.csproj]
C:\Users\leman\OneDrive\─░┼ƒ masas─▒\MicroJob\src\Services\Job\JobUser\Job.Business\Dtos\ResumeDtos\ResumeUpdateListDto.cs(16,39): warning CS8618: Non-nullable property 'EducationUpdateDtos' must contain a non-null value when exiting constructor. Consider adding the 'required' modifier or declaring the property as nullable. [C:\Users\leman\OneDrive\─░┼ƒ masas─▒\MicroJob\src\Services\Job\JobUser\Job.Business\Job.Business.csproj]
C:\Users\leman\OneDrive\─░┼ƒ masas─▒\MicroJob\src\Services\Job\JobUser\Job.Business\Dtos\ResumeDtos\ResumeUpdateListDto.cs(17,38): warning CS8618: Non-nullable property 'LanguageUpdateDtos' must contain a non-null value when exiting constructor. Consider adding the 'required' modifier or declaring the property as nullable. [C:\Users\leman\OneDrive\─░┼ƒ masas─▒\MicroJob\src\Services\Job\JobUser\Job.Business\Job.Business.csproj]
C:\Users\leman\OneDrive\─░┼ƒ masas─▒\MicroJob\src\Services\Job\JobUser\Job.Business\Dtos\Common\DataListDto.cs(11,24): warning CS8618: Non-nullable property 'Datas' must contain a non-null value when exiting constructor. Consider adding the 'required' modifier or declaring the property as nullable. [C:\Users\leman\OneDrive\─░┼ƒ masas─▒\MicroJob\src\Services\Job\JobUser\Job.Business\Job.Business.csproj]
C:\Users\leman\OneDrive\─░┼ƒ masas─▒\MicroJob\src\Services\Job\JobUser\Job.Business\Dtos\CertificateDtos\CertificateCreateDto.cs(8,23): warning CS8618: Non-nullable property 'CertificateName' must contain a non-null value when exiting constructor. Consider adding the 'required' modifier or declaring the property as nullable. [C:\Users\leman\OneDrive\─░┼ƒ masas─▒\MicroJob\src\Services\Job\JobUser\Job.Business\Job.Business.csproj]
C:\Users\leman\OneDrive\─░┼ƒ masas─▒\MicroJob\src\Services\Job\JobUser\Job.Business\Dtos\CertificateDtos\CertificateCreateDto.cs(9,23): warning CS8618: Non-nullable property 'GivenOrganization' must contain a non-null value when exiting constructor. Consider adding the 'required' modifier or declaring the property as nullable. [C:\Users\leman\OneDrive\─░┼ƒ masas─▒\MicroJob\src\Services\Job\JobUser\Job.Business\Job.Business.csproj]
C:\Users\leman\OneDrive\─░┼ƒ masas─▒\MicroJob\src\Services\Job\JobUser\Job.Business\Dtos\CertificateDtos\CertificateCreateDto.cs(10,26): warning CS8618: Non-nullable property 'CertificateFile' must contain a non-null value when exiting constructor. Consider adding the 'required' modifier or declaring the property as nullable. [C:\Users\leman\OneDrive\─░┼ƒ masas─▒\MicroJob\src\Services\Job\JobUser\Job.Business\Job.Business.csproj]
C:\Users\leman\OneDrive\─░┼ƒ masas─▒\MicroJob\src\Services\Job\JobUser\Job.Business\Dtos\CertificateDtos\CertificateGetByIdDto.cs(5,23): warning CS8618: Non-nullable property 'CertificateName' must contain a non-null value when exiting constructor. Consider adding the 'required' modifier or declaring the property as nullable. [C:\Users\leman\OneDrive\─░┼ƒ masas─▒\MicroJob\src\Services\Job\JobUser\Job.Business\Job.Business.csproj]
C:\Users\leman\OneDrive\─░┼ƒ masas─▒\MicroJob\src\Services\Job\JobUser\Job.Business\Dtos\CertificateDtos\CertificateGetByIdDto.cs(6,23): warning CS8618: Non-nullable property 'GivenOrganization' must contain a non-null value when exiting constructor. Consider adding the 'required' modifier or declaring the property as nullable. [C:\Users\leman\OneDrive\─░┼ƒ masas─▒\MicroJob\src\Services\Job\JobUser\Job.Business\Job.Business.csproj]
C:\Users\leman\OneDrive\─░┼ƒ masas─▒\MicroJob\src\Services\Job\JobUser\Job.Business\Dtos\CertificateDtos\CertificateGetByIdDto.cs(7,23): warning CS8618: Non-nullable property 'CertificateFile' must contain a non-null value when exiting constructor. Consider adding the 'required' modifier or declaring the property as nullable. [C:\Users\leman\OneDrive\─░┼ƒ masas─▒\MicroJob\src\Services\Job\JobUser\Job.Business\Job.Business.csproj]
C:\Users\leman\OneDrive\─░┼ƒ masas─▒\MicroJob\src\Services\Job\JobUser\Job.Business\Extensions\TranslationExtension.cs(19,42): warning CS8603: Possible null reference return. [C:\Users\leman\OneDrive\─░┼ƒ masas─▒\MicroJob\src\Services\Job\JobUser\Job.Business\Job.Business.csproj]
C:\Users\leman\OneDrive\─░┼ƒ masas─▒\MicroJob\src\Services\Job\JobUser\Job.Business\Extensions\TranslationExtension.cs(23,16): warning CS8603: Possible null reference return. [C:\Users\leman\OneDrive\─░┼ƒ masas─▒\MicroJob\src\Services\Job\JobUser\Job.Business\Job.Business.csproj]
C:\Users\leman\OneDrive\─░┼ƒ masas─▒\MicroJob\src\Services\Job\JobUser\Job.Business\Extensions\TranslationExtension.cs(34,42): warning CS8603: Possible null reference return. [C:\Users\leman\OneDrive\─░┼ƒ masas─▒\MicroJob\src\Services\Job\JobUser\Job.Business\Job.Business.csproj]
C:\Users\leman\OneDrive\─░┼ƒ masas─▒\MicroJob\src\Services\Job\JobUser\Job.Business\Extensions\TranslationExtension.cs(38,16): warning CS8603: Possible null reference return. [C:\Users\leman\OneDrive\─░┼ƒ masas─▒\MicroJob\src\Services\Job\JobUser\Job.Business\Job.Business.csproj]
C:\Users\leman\OneDrive\─░┼ƒ masas─▒\MicroJob\src\Services\Job\JobUser\Job.Business\Dtos\ResumeDtos\ResumeUpdateDto.cs(12,23): warning CS8618: Non-nullable property 'FatherName' must contain a non-null value when exiting constructor. Consider adding the 'required' modifier or declaring the property as nullable. [C:\Users\leman\OneDrive\─░┼ƒ masas─▒\MicroJob\src\Services\Job\JobUser\Job.Business\Job.Business.csproj]
C:\Users\leman\OneDrive\─░┼ƒ masas─▒\MicroJob\src\Services\Job\JobUser\Job.Business\Dtos\ResumeDtos\ResumeUpdateDto.cs(13,23): warning CS8618: Non-nullable property 'Position' must contain a non-null value when exiting constructor. Consider adding the 'required' modifier or declaring the property as nullable. [C:\Users\leman\OneDrive\─░┼ƒ masas─▒\MicroJob\src\Services\Job\JobUser\Job.Business\Job.Business.csproj]
C:\Users\leman\OneDrive\─░┼ƒ masas─▒\MicroJob\src\Services\Job\JobUser\Job.Business\Dtos\CertificateDtos\CertificateUpdateDto.cs(8,23): warning CS8618: Non-nullable property 'Id' must contain a non-null value when exiting constructor. Consider adding the 'required' modifier or declaring the property as nullable. [C:\Users\leman\OneDrive\─░┼ƒ masas─▒\MicroJob\src\Services\Job\JobUser\Job.Business\Job.Business.csproj]
C:\Users\leman\OneDrive\─░┼ƒ masas─▒\MicroJob\src\Services\Job\JobUser\Job.Business\Dtos\CertificateDtos\CertificateUpdateDto.cs(9,23): warning CS8618: Non-nullable property 'CertificateName' must contain a non-null value when exiting constructor. Consider adding the 'required' modifier or declaring the property as nullable. [C:\Users\leman\OneDrive\─░┼ƒ masas─▒\MicroJob\src\Services\Job\JobUser\Job.Business\Job.Business.csproj]
C:\Users\leman\OneDrive\─░┼ƒ masas─▒\MicroJob\src\Services\Job\JobUser\Job.Business\Dtos\CertificateDtos\CertificateUpdateDto.cs(10,23): warning CS8618: Non-nullable property 'GivenOrganization' must contain a non-null value when exiting constructor. Consider adding the 'required' modifier or declaring the property as nullable. [C:\Users\leman\OneDrive\─░┼ƒ masas─▒\MicroJob\src\Services\Job\JobUser\Job.Business\Job.Business.csproj]
C:\Users\leman\OneDrive\─░┼ƒ masas─▒\MicroJob\src\Services\Job\JobUser\Job.Business\Dtos\CertificateDtos\CertificateUpdateDto.cs(11,26): warning CS8618: Non-nullable property 'CertificateFile' must contain a non-null value when exiting constructor. Consider adding the 'required' modifier or declaring the property as nullable. [C:\Users\leman\OneDrive\─░┼ƒ masas─▒\MicroJob\src\Services\Job\JobUser\Job.Business\Job.Business.csproj]
C:\Users\leman\OneDrive\─░┼ƒ masas─▒\MicroJob\src\Services\Job\JobUser\Job.Business\Dtos\ResumeDtos\ResumeDetailItemDto.cs(16,23): warning CS8618: Non-nullable property 'FirstName' must contain a non-null value when exiting constructor. Consider adding the 'required' modifier or declaring the property as nullable. [C:\Users\leman\OneDrive\─░┼ƒ masas─▒\MicroJob\src\Services\Job\JobUser\Job.Business\Job.Business.csproj]
C:\Users\leman\OneDrive\─░┼ƒ masas─▒\MicroJob\src\Services\Job\JobUser\Job.Business\Dtos\ResumeDtos\ResumeDetailItemDto.cs(17,23): warning CS8618: Non-nullable property 'LastName' must contain a non-null value when exiting constructor. Consider adding the 'required' modifier or declaring the property as nullable. [C:\Users\leman\OneDrive\─░┼ƒ masas─▒\MicroJob\src\Services\Job\JobUser\Job.Business\Job.Business.csproj]
C:\Users\leman\OneDrive\─░┼ƒ masas─▒\MicroJob\src\Services\Job\JobUser\Job.Business\Dtos\ResumeDtos\ResumeDetailItemDto.cs(18,23): warning CS8618: Non-nullable property 'FatherName' must contain a non-null value when exiting constructor. Consider adding the 'required' modifier or declaring the property as nullable. [C:\Users\leman\OneDrive\─░┼ƒ masas─▒\MicroJob\src\Services\Job\JobUser\Job.Business\Job.Business.csproj]
C:\Users\leman\OneDrive\─░┼ƒ masas─▒\MicroJob\src\Services\Job\JobUser\Job.Business\Dtos\ResumeDtos\ResumeDetailItemDto.cs(19,23): warning CS8618: Non-nullable property 'Position' must contain a non-null value when exiting constructor. Consider adding the 'required' modifier or declaring the property as nullable. [C:\Users\leman\OneDrive\─░┼ƒ masas─▒\MicroJob\src\Services\Job\JobUser\Job.Business\Job.Business.csproj]
C:\Users\leman\OneDrive\─░┼ƒ masas─▒\MicroJob\src\Services\Job\JobUser\Job.Business\Dtos\ResumeDtos\ResumeDetailItemDto.cs(31,45): warning CS8618: Non-nullable property 'Skills' must contain a non-null value when exiting constructor. Consider adding the 'required' modifier or declaring the property as nullable. [C:\Users\leman\OneDrive\─░┼ƒ masas─▒\MicroJob\src\Services\Job\JobUser\Job.Business\Job.Business.csproj]
C:\Users\leman\OneDrive\─░┼ƒ masas─▒\MicroJob\src\Services\Job\JobUser\Job.Business\Dtos\ResumeDtos\ResumeDetailItemDto.cs(32,46): warning CS8618: Non-nullable property 'PhoneNumbers' must contain a non-null value when exiting constructor. Consider adding the 'required' modifier or declaring the property as nullable. [C:\Users\leman\OneDrive\─░┼ƒ masas─▒\MicroJob\src\Services\Job\JobUser\Job.Business\Job.Business.csproj]
C:\Users\leman\OneDrive\─░┼ƒ masas─▒\MicroJob\src\Services\Job\JobUser\Job.Business\Dtos\ResumeDtos\ResumeDetailItemDto.cs(33,49): warning CS8618: Non-nullable property 'Educations' must contain a non-null value when exiting constructor. Consider adding the 'required' modifier or declaring the property as nullable. [C:\Users\leman\OneDrive\─░┼ƒ masas─▒\MicroJob\src\Services\Job\JobUser\Job.Business\Job.Business.csproj]
C:\Users\leman\OneDrive\─░┼ƒ masas─▒\MicroJob\src\Services\Job\JobUser\Job.Business\Dtos\ResumeDtos\ResumeCreateListsDto.cs(10,36): warning CS8618: Non-nullable property 'NumberCreateDtos' must contain a non-null value when exiting constructor. Consider adding the 'required' modifier or declaring the property as nullable. [C:\Users\leman\OneDrive\─░┼ƒ masas─▒\MicroJob\src\Services\Job\JobUser\Job.Business\Job.Business.csproj]
C:\Users\leman\OneDrive\─░┼ƒ masas─▒\MicroJob\src\Services\Job\JobUser\Job.Business\Dtos\ResumeDtos\ResumeCreateListsDto.cs(11,40): warning CS8618: Non-nullable property 'ExperienceCreateDtos' must contain a non-null value when exiting constructor. Consider adding the 'required' modifier or declaring the property as nullable. [C:\Users\leman\OneDrive\─░┼ƒ masas─▒\MicroJob\src\Services\Job\JobUser\Job.Business\Job.Business.csproj]
C:\Users\leman\OneDrive\─░┼ƒ masas─▒\MicroJob\src\Services\Job\JobUser\Job.Business\Dtos\ResumeDtos\ResumeCreateListsDto.cs(12,39): warning CS8618: Non-nullable property 'EducationCreateDtos' must contain a non-null value when exiting constructor. Consider adding the 'required' modifier or declaring the property as nullable. [C:\Users\leman\OneDrive\─░┼ƒ masas─▒\MicroJob\src\Services\Job\JobUser\Job.Business\Job.Business.csproj]
C:\Users\leman\OneDrive\─░┼ƒ masas─▒\MicroJob\src\Services\Job\JobUser\Job.Business\Dtos\ResumeDtos\ResumeCreateListsDto.cs(13,38): warning CS8618: Non-nullable property 'LanguageCreateDtos' must contain a non-null value when exiting constructor. Consider adding the 'required' modifier or declaring the property as nullable. [C:\Users\leman\OneDrive\─░┼ƒ masas─▒\MicroJob\src\Services\Job\JobUser\Job.Business\Job.Business.csproj]
C:\Users\leman\OneDrive\─░┼ƒ masas─▒\MicroJob\src\Services\Job\JobUser\Job.Business\Services\Application\UserApplicationService.cs(54,17): warning CS8602: Dereference of a possibly null reference. [C:\Users\leman\OneDrive\─░┼ƒ masas─▒\MicroJob\src\Services\Job\JobUser\Job.Business\Job.Business.csproj]
C:\Users\leman\OneDrive\─░┼ƒ masas─▒\MicroJob\src\Services\Job\JobUser\Job.Business\Services\Application\UserApplicationService.cs(54,17): warning CS8604: Possible null reference argument for parameter 'input' in 'Guid Guid.Parse(string input)'. [C:\Users\leman\OneDrive\─░┼ƒ masas─▒\MicroJob\src\Services\Job\JobUser\Job.Business\Job.Business.csproj]
C:\Users\leman\OneDrive\─░┼ƒ masas─▒\MicroJob\src\Services\Job\JobUser\Job.Business\Dtos\ResumeDtos\ResumeCreateDto.cs(13,23): warning CS8618: Non-nullable property 'FatherName' must contain a non-null value when exiting constructor. Consider adding the 'required' modifier or declaring the property as nullable. [C:\Users\leman\OneDrive\─░┼ƒ masas─▒\MicroJob\src\Services\Job\JobUser\Job.Business\Job.Business.csproj]
C:\Users\leman\OneDrive\─░┼ƒ masas─▒\MicroJob\src\Services\Job\JobUser\Job.Business\Dtos\ResumeDtos\ResumeCreateDto.cs(14,23): warning CS8618: Non-nullable property 'Position' must contain a non-null value when exiting constructor. Consider adding the 'required' modifier or declaring the property as nullable. [C:\Users\leman\OneDrive\─░┼ƒ masas─▒\MicroJob\src\Services\Job\JobUser\Job.Business\Job.Business.csproj]
C:\Users\leman\OneDrive\─░┼ƒ masas─▒\MicroJob\src\Services\Job\JobUser\Job.Business\Dtos\QuestionDtos\QuestionPublicDto.cs(9,19): warning CS8618: Non-nullable property 'Title' must contain a non-null value when exiting constructor. Consider adding the 'required' modifier or declaring the property as nullable. [C:\Users\leman\OneDrive\─░┼ƒ masas─▒\MicroJob\src\Services\Job\JobUser\Job.Business\Job.Business.csproj]
C:\Users\leman\OneDrive\─░┼ƒ masas─▒\MicroJob\src\Services\Job\JobUser\Job.Business\Dtos\QuestionDtos\QuestionPublicDto.cs(10,19): warning CS8618: Non-nullable property 'Image' must contain a non-null value when exiting constructor. Consider adding the 'required' modifier or declaring the property as nullable. [C:\Users\leman\OneDrive\─░┼ƒ masas─▒\MicroJob\src\Services\Job\JobUser\Job.Business\Job.Business.csproj]
C:\Users\leman\OneDrive\─░┼ƒ masas─▒\MicroJob\src\Services\Job\JobUser\Job.Business\Dtos\QuestionDtos\QuestionPublicDto.cs(13,34): warning CS8618: Non-nullable property 'Answers' must contain a non-null value when exiting constructor. Consider adding the 'required' modifier or declaring the property as nullable. [C:\Users\leman\OneDrive\─░┼ƒ masas─▒\MicroJob\src\Services\Job\JobUser\Job.Business\Job.Business.csproj]
C:\Users\leman\OneDrive\─░┼ƒ masas─▒\MicroJob\src\Services\Job\JobUser\Job.Business\Dtos\NumberDtos\NumberUpdateListDto.cs(10,45): warning CS8618: Non-nullable property 'PhoneNumbers' must contain a non-null value when exiting constructor. Consider adding the 'required' modifier or declaring the property as nullable. [C:\Users\leman\OneDrive\─░┼ƒ masas─▒\MicroJob\src\Services\Job\JobUser\Job.Business\Job.Business.csproj]
C:\Users\leman\OneDrive\─░┼ƒ masas─▒\MicroJob\src\Services\Job\JobUser\Job.Business\Dtos\NumberDtos\NumberUpdateDto.cs(5,23): warning CS8618: Non-nullable property 'Id' must contain a non-null value when exiting constructor. Consider adding the 'required' modifier or declaring the property as nullable. [C:\Users\leman\OneDrive\─░┼ƒ masas─▒\MicroJob\src\Services\Job\JobUser\Job.Business\Job.Business.csproj]
C:\Users\leman\OneDrive\─░┼ƒ masas─▒\MicroJob\src\Services\Job\JobUser\Job.Business\Dtos\NumberDtos\NumberUpdateDto.cs(6,23): warning CS8618: Non-nullable property 'PhoneNumber' must contain a non-null value when exiting constructor. Consider adding the 'required' modifier or declaring the property as nullable. [C:\Users\leman\OneDrive\─░┼ƒ masas─▒\MicroJob\src\Services\Job\JobUser\Job.Business\Job.Business.csproj]
C:\Users\leman\OneDrive\─░┼ƒ masas─▒\MicroJob\src\Services\Job\JobUser\Job.Business\Dtos\NumberDtos\NumberGetByIdDto.cs(5,23): warning CS8618: Non-nullable property 'PhoneNumber' must contain a non-null value when exiting constructor. Consider adding the 'required' modifier or declaring the property as nullable. [C:\Users\leman\OneDrive\─░┼ƒ masas─▒\MicroJob\src\Services\Job\JobUser\Job.Business\Job.Business.csproj]
C:\Users\leman\OneDrive\─░┼ƒ masas─▒\MicroJob\src\Services\Job\JobUser\Job.Business\Dtos\NumberDtos\NumberCreateListDto.cs(10,45): warning CS8618: Non-nullable property 'PhoneNumbers' must contain a non-null value when exiting constructor. Consider adding the 'required' modifier or declaring the property as nullable. [C:\Users\leman\OneDrive\─░┼ƒ masas─▒\MicroJob\src\Services\Job\JobUser\Job.Business\Job.Business.csproj]
C:\Users\leman\OneDrive\─░┼ƒ masas─▒\MicroJob\src\Services\Job\JobUser\Job.Business\Dtos\NumberDtos\NumberCreateDto.cs(5,23): warning CS8618: Non-nullable property 'PhoneNumber' must contain a non-null value when exiting constructor. Consider adding the 'required' modifier or declaring the property as nullable. [C:\Users\leman\OneDrive\─░┼ƒ masas─▒\MicroJob\src\Services\Job\JobUser\Job.Business\Job.Business.csproj]
C:\Users\leman\OneDrive\─░┼ƒ masas─▒\MicroJob\src\Services\Job\JobUser\Job.Business\Dtos\NotificationDtos\PaginatedNotificationDto.cs(5,38): warning CS8618: Non-nullable property 'Notifications' must contain a non-null value when exiting constructor. Consider adding the 'required' modifier or declaring the property as nullable. [C:\Users\leman\OneDrive\─░┼ƒ masas─▒\MicroJob\src\Services\Job\JobUser\Job.Business\Job.Business.csproj]
C:\Users\leman\OneDrive\─░┼ƒ masas─▒\MicroJob\src\Services\Job\JobUser\Job.Business\Dtos\NotificationDtos\NotificationListDto.cs(13,19): warning CS8618: Non-nullable property 'Content' must contain a non-null value when exiting constructor. Consider adding the 'required' modifier or declaring the property as nullable. [C:\Users\leman\OneDrive\─░┼ƒ masas─▒\MicroJob\src\Services\Job\JobUser\Job.Business\Job.Business.csproj]
C:\Users\leman\OneDrive\─░┼ƒ masas─▒\MicroJob\src\Services\Job\JobUser\Job.Business\Dtos\NotificationDtos\NotificationDto.cs(9,23): warning CS8618: Non-nullable property 'Content' must contain a non-null value when exiting constructor. Consider adding the 'required' modifier or declaring the property as nullable. [C:\Users\leman\OneDrive\─░┼ƒ masas─▒\MicroJob\src\Services\Job\JobUser\Job.Business\Job.Business.csproj]
C:\Users\leman\OneDrive\─░┼ƒ masas─▒\MicroJob\src\Services\Job\JobUser\Job.Business\Dtos\LanguageDtos\LanguageUpdateListDto.cs(10,47): warning CS8618: Non-nullable property 'Languages' must contain a non-null value when exiting constructor. Consider adding the 'required' modifier or declaring the property as nullable. [C:\Users\leman\OneDrive\─░┼ƒ masas─▒\MicroJob\src\Services\Job\JobUser\Job.Business\Job.Business.csproj]
C:\Users\leman\OneDrive\─░┼ƒ masas─▒\MicroJob\src\Services\Job\JobUser\Job.Business\Consumers\VacancyCreatedConsumer.cs(37,21): error CS0117: 'Notification' does not contain a definition for 'Content' [C:\Users\leman\OneDrive\─░┼ƒ masas─▒\MicroJob\src\Services\Job\JobUser\Job.Business\Job.Business.csproj]
C:\Users\leman\OneDrive\─░┼ƒ masas─▒\MicroJob\src\Services\Job\JobUser\Job.Business\Dtos\LanguageDtos\LanguageUpdateDto.cs(8,23): warning CS8618: Non-nullable property 'Id' must contain a non-null value when exiting constructor. Consider adding the 'required' modifier or declaring the property as nullable. [C:\Users\leman\OneDrive\─░┼ƒ masas─▒\MicroJob\src\Services\Job\JobUser\Job.Business\Job.Business.csproj]
C:\Users\leman\OneDrive\─░┼ƒ masas─▒\MicroJob\src\Services\Job\JobUser\Job.Business\Dtos\LanguageDtos\LanguageCreateListDto.cs(5,47): warning CS8618: Non-nullable property 'Languages' must contain a non-null value when exiting constructor. Consider adding the 'required' modifier or declaring the property as nullable. [C:\Users\leman\OneDrive\─░┼ƒ masas─▒\MicroJob\src\Services\Job\JobUser\Job.Business\Job.Business.csproj]
C:\Users\leman\OneDrive\─░┼ƒ masas─▒\MicroJob\src\Services\Job\JobUser\Job.Business\Dtos\EducationDtos\EducationUpdateListDto.cs(10,48): warning CS8618: Non-nullable property 'Educations' must contain a non-null value when exiting constructor. Consider adding the 'required' modifier or declaring the property as nullable. [C:\Users\leman\OneDrive\─░┼ƒ masas─▒\MicroJob\src\Services\Job\JobUser\Job.Business\Job.Business.csproj]
C:\Users\leman\OneDrive\─░┼ƒ masas─▒\MicroJob\src\Services\Job\JobUser\Job.Business\Dtos\ExperienceDtos\ExperienceUpdateListDto.cs(10,49): warning CS8618: Non-nullable property 'Experiences' must contain a non-null value when exiting constructor. Consider adding the 'required' modifier or declaring the property as nullable. [C:\Users\leman\OneDrive\─░┼ƒ masas─▒\MicroJob\src\Services\Job\JobUser\Job.Business\Job.Business.csproj]
C:\Users\leman\OneDrive\─░┼ƒ masas─▒\MicroJob\src\Services\Job\JobUser\Job.Business\ServiceRegistration.cs(65,13): warning CS0618: 'HostedServiceConfigurationExtensions.AddMassTransitHostedService(IServiceCollection)' is obsolete: 'Remove, the hosted service is automatically registered. Visit https://masstransit.io/obsolete for details.' [C:\Users\leman\OneDrive\─░┼ƒ masas─▒\MicroJob\src\Services\Job\JobUser\Job.Business\Job.Business.csproj]
C:\Users\leman\OneDrive\─░┼ƒ masas─▒\MicroJob\src\Services\Job\JobUser\Job.Business\Dtos\EducationDtos\EducationUpdateDto.cs(8,23): warning CS8618: Non-nullable property 'Id' must contain a non-null value when exiting constructor. Consider adding the 'required' modifier or declaring the property as nullable. [C:\Users\leman\OneDrive\─░┼ƒ masas─▒\MicroJob\src\Services\Job\JobUser\Job.Business\Job.Business.csproj]
C:\Users\leman\OneDrive\─░┼ƒ masas─▒\MicroJob\src\Services\Job\JobUser\Job.Business\Dtos\EducationDtos\EducationUpdateDto.cs(9,23): warning CS8618: Non-nullable property 'InstitutionName' must contain a non-null value when exiting constructor. Consider adding the 'required' modifier or declaring the property as nullable. [C:\Users\leman\OneDrive\─░┼ƒ masas─▒\MicroJob\src\Services\Job\JobUser\Job.Business\Job.Business.csproj]
C:\Users\leman\OneDrive\─░┼ƒ masas─▒\MicroJob\src\Services\Job\JobUser\Job.Business\Dtos\EducationDtos\EducationUpdateDto.cs(10,23): warning CS8618: Non-nullable property 'Profession' must contain a non-null value when exiting constructor. Consider adding the 'required' modifier or declaring the property as nullable. [C:\Users\leman\OneDrive\─░┼ƒ masas─▒\MicroJob\src\Services\Job\JobUser\Job.Business\Job.Business.csproj]
C:\Users\leman\OneDrive\─░┼ƒ masas─▒\MicroJob\src\Services\Job\JobUser\Job.Business\Dtos\ExperienceDtos\ExperienceUpdateDto.cs(7,23): warning CS8618: Non-nullable property 'Id' must contain a non-null value when exiting constructor. Consider adding the 'required' modifier or declaring the property as nullable. [C:\Users\leman\OneDrive\─░┼ƒ masas─▒\MicroJob\src\Services\Job\JobUser\Job.Business\Job.Business.csproj]
C:\Users\leman\OneDrive\─░┼ƒ masas─▒\MicroJob\src\Services\Job\JobUser\Job.Business\Dtos\ExperienceDtos\ExperienceUpdateDto.cs(8,23): warning CS8618: Non-nullable property 'OrganizationName' must contain a non-null value when exiting constructor. Consider adding the 'required' modifier or declaring the property as nullable. [C:\Users\leman\OneDrive\─░┼ƒ masas─▒\MicroJob\src\Services\Job\JobUser\Job.Business\Job.Business.csproj]
C:\Users\leman\OneDrive\─░┼ƒ masas─▒\MicroJob\src\Services\Job\JobUser\Job.Business\Dtos\ExperienceDtos\ExperienceUpdateDto.cs(9,23): warning CS8618: Non-nullable property 'PositionName' must contain a non-null value when exiting constructor. Consider adding the 'required' modifier or declaring the property as nullable. [C:\Users\leman\OneDrive\─░┼ƒ masas─▒\MicroJob\src\Services\Job\JobUser\Job.Business\Job.Business.csproj]
C:\Users\leman\OneDrive\─░┼ƒ masas─▒\MicroJob\src\Services\Job\JobUser\Job.Business\Dtos\ExperienceDtos\ExperienceGetByIdDto.cs(5,23): warning CS8618: Non-nullable property 'OrganizationName' must contain a non-null value when exiting constructor. Consider adding the 'required' modifier or declaring the property as nullable. [C:\Users\leman\OneDrive\─░┼ƒ masas─▒\MicroJob\src\Services\Job\JobUser\Job.Business\Job.Business.csproj]
C:\Users\leman\OneDrive\─░┼ƒ masas─▒\MicroJob\src\Services\Job\JobUser\Job.Business\Dtos\ExperienceDtos\ExperienceGetByIdDto.cs(6,23): warning CS8618: Non-nullable property 'PositionName' must contain a non-null value when exiting constructor. Consider adding the 'required' modifier or declaring the property as nullable. [C:\Users\leman\OneDrive\─░┼ƒ masas─▒\MicroJob\src\Services\Job\JobUser\Job.Business\Job.Business.csproj]
C:\Users\leman\OneDrive\─░┼ƒ masas─▒\MicroJob\src\Services\Job\JobUser\Job.Business\Dtos\EducationDtos\EducationGetByIdDto.cs(7,23): warning CS8618: Non-nullable property 'InstitutionName' must contain a non-null value when exiting constructor. Consider adding the 'required' modifier or declaring the property as nullable. [C:\Users\leman\OneDrive\─░┼ƒ masas─▒\MicroJob\src\Services\Job\JobUser\Job.Business\Job.Business.csproj]
C:\Users\leman\OneDrive\─░┼ƒ masas─▒\MicroJob\src\Services\Job\JobUser\Job.Business\Dtos\EducationDtos\EducationGetByIdDto.cs(8,23): warning CS8618: Non-nullable property 'Profession' must contain a non-null value when exiting constructor. Consider adding the 'required' modifier or declaring the property as nullable. [C:\Users\leman\OneDrive\─░┼ƒ masas─▒\MicroJob\src\Services\Job\JobUser\Job.Business\Job.Business.csproj]
C:\Users\leman\OneDrive\─░┼ƒ masas─▒\MicroJob\src\Services\Job\JobUser\Job.Business\Dtos\ExperienceDtos\ExperienceCreateListDto.cs(5,49): warning CS8618: Non-nullable property 'Experiences' must contain a non-null value when exiting constructor. Consider adding the 'required' modifier or declaring the property as nullable. [C:\Users\leman\OneDrive\─░┼ƒ masas─▒\MicroJob\src\Services\Job\JobUser\Job.Business\Job.Business.csproj]
C:\Users\leman\OneDrive\─░┼ƒ masas─▒\MicroJob\src\Services\Job\JobUser\Job.Business\Dtos\EducationDtos\EducationCreateListDto.cs(5,48): warning CS8618: Non-nullable property 'Educations' must contain a non-null value when exiting constructor. Consider adding the 'required' modifier or declaring the property as nullable. [C:\Users\leman\OneDrive\─░┼ƒ masas─▒\MicroJob\src\Services\Job\JobUser\Job.Business\Job.Business.csproj]
C:\Users\leman\OneDrive\─░┼ƒ masas─▒\MicroJob\src\Services\Job\JobUser\Job.Business\Dtos\ExamDtos\SubmitExamAnswersDto.cs(6,32): warning CS8618: Non-nullable property 'Answers' must contain a non-null value when exiting constructor. Consider adding the 'required' modifier or declaring the property as nullable. [C:\Users\leman\OneDrive\─░┼ƒ masas─▒\MicroJob\src\Services\Job\JobUser\Job.Business\Job.Business.csproj]
C:\Users\leman\OneDrive\─░┼ƒ masas─▒\MicroJob\src\Services\Job\JobUser\Job.Business\Dtos\ExamDtos\GetExamQuestionsDetailDto.cs(10,36): warning CS8618: Non-nullable property 'Questions' must contain a non-null value when exiting constructor. Consider adding the 'required' modifier or declaring the property as nullable. [C:\Users\leman\OneDrive\─░┼ƒ masas─▒\MicroJob\src\Services\Job\JobUser\Job.Business\Job.Business.csproj]
C:\Users\leman\OneDrive\─░┼ƒ masas─▒\MicroJob\src\Services\Job\JobUser\Job.Business\Dtos\ExperienceDtos\ExperienceCreateDto.cs(7,23): warning CS8618: Non-nullable property 'OrganizationName' must contain a non-null value when exiting constructor. Consider adding the 'required' modifier or declaring the property as nullable. [C:\Users\leman\OneDrive\─░┼ƒ masas─▒\MicroJob\src\Services\Job\JobUser\Job.Business\Job.Business.csproj]
C:\Users\leman\OneDrive\─░┼ƒ masas─▒\MicroJob\src\Services\Job\JobUser\Job.Business\Dtos\ExperienceDtos\ExperienceCreateDto.cs(8,23): warning CS8618: Non-nullable property 'PositionName' must contain a non-null value when exiting constructor. Consider adding the 'required' modifier or declaring the property as nullable. [C:\Users\leman\OneDrive\─░┼ƒ masas─▒\MicroJob\src\Services\Job\JobUser\Job.Business\Job.Business.csproj]
C:\Users\leman\OneDrive\─░┼ƒ masas─▒\MicroJob\src\Services\Job\JobUser\Job.Business\Dtos\EducationDtos\EducationCreateDto.cs(8,23): warning CS8618: Non-nullable property 'InstitutionName' must contain a non-null value when exiting constructor. Consider adding the 'required' modifier or declaring the property as nullable. [C:\Users\leman\OneDrive\─░┼ƒ masas─▒\MicroJob\src\Services\Job\JobUser\Job.Business\Job.Business.csproj]
C:\Users\leman\OneDrive\─░┼ƒ masas─▒\MicroJob\src\Services\Job\JobUser\Job.Business\Dtos\EducationDtos\EducationCreateDto.cs(9,23): warning CS8618: Non-nullable property 'Profession' must contain a non-null value when exiting constructor. Consider adding the 'required' modifier or declaring the property as nullable. [C:\Users\leman\OneDrive\─░┼ƒ masas─▒\MicroJob\src\Services\Job\JobUser\Job.Business\Job.Business.csproj]
C:\Users\leman\OneDrive\─░┼ƒ masas─▒\MicroJob\src\Services\Job\JobUser\Job.Business\Services\Resume\ResumeService.cs(317,59): warning CS8604: Possible null reference argument for parameter 'source' in 'IEnumerable<ExperienceGetByIdDto> Enumerable.Select<Experience, ExperienceGetByIdDto>(IEnumerable<Experience> source, Func<Experience, ExperienceGetByIdDto> selector)'. [C:\Users\leman\OneDrive\─░┼ƒ masas─▒\MicroJob\src\Services\Job\JobUser\Job.Business\Job.Business.csproj]
C:\Users\leman\OneDrive\─░┼ƒ masas─▒\MicroJob\src\Services\Job\JobUser\Job.Business\Services\Resume\ResumeService.cs(326,57): warning CS8604: Possible null reference argument for parameter 'source' in 'IEnumerable<LanguageGetByIdDto> Enumerable.Select<Language, LanguageGetByIdDto>(IEnumerable<Language> source, Func<Language, LanguageGetByIdDto> selector)'. [C:\Users\leman\OneDrive\─░┼ƒ masas─▒\MicroJob\src\Services\Job\JobUser\Job.Business\Job.Business.csproj]
C:\Users\leman\OneDrive\─░┼ƒ masas─▒\MicroJob\src\Services\Job\JobUser\Job.Business\Services\Resume\ResumeService.cs(331,60): warning CS8604: Possible null reference argument for parameter 'source' in 'IEnumerable<CertificateGetByIdDto> Enumerable.Select<Certificate, CertificateGetByIdDto>(IEnumerable<Certificate> source, Func<Certificate, CertificateGetByIdDto> selector)'. [C:\Users\leman\OneDrive\─░┼ƒ masas─▒\MicroJob\src\Services\Job\JobUser\Job.Business\Job.Business.csproj]
  JobCompany.API -> C:\Users\leman\OneDrive\─░┼ƒ masas─▒\MicroJob\src\Services\Job\JobCompany\JobCompany.API\bin\Debug\net8.0\JobCompany.API.dll

Build FAILED.

C:\Program Files\dotnet\sdk\9.0.102\Sdks\Microsoft.NET.Sdk\targets\Microsoft.NET.Sdk.DefaultItems.Shared.targets(111,5): warning NETSDK1080: A PackageReference to Microsoft.AspNetCore.App is not necessary when targeting .NET Core 3.0 or higher. If Microsoft.NET.Sdk.Web is used, the shared framework will be referenced automatically. Otherwise, the PackageReference should be replaced with a FrameworkReference. [C:\Users\leman\OneDrive\─░┼ƒ masas─▒\MicroJob\src\Services\Job\JobUser\Job.Business\Job.Business.csproj]
C:\Program Files\dotnet\sdk\9.0.102\Sdks\Microsoft.NET.Sdk\targets\Microsoft.NET.Sdk.DefaultItems.Shared.targets(111,5): warning NETSDK1080: A PackageReference to Microsoft.AspNetCore.App is not necessary when targeting .NET Core 3.0 or higher. If Microsoft.NET.Sdk.Web is used, the shared framework will be referenced automatically. Otherwise, the PackageReference should be replaced with a FrameworkReference. [C:\Users\leman\OneDrive\─░┼ƒ masas─▒\MicroJob\src\Services\Job\JobUser\Job.Business\Job.Business.csproj]
C:\Users\leman\OneDrive\─░┼ƒ masas─▒\MicroJob\src\Services\Job\JobUser\Job.Business\Dtos\SkillDtos\SkillUpdateDto.cs(6,19): warning CS8618: Non-nullable property 'Name' must contain a non-null value when exiting constructor. Consider adding the 'required' modifier or declaring the property as nullable. [C:\Users\leman\OneDrive\─░┼ƒ masas─▒\MicroJob\src\Services\Job\JobUser\Job.Business\Job.Business.csproj]
C:\Users\leman\OneDrive\─░┼ƒ masas─▒\MicroJob\src\Services\Job\JobUser\Job.Business\Dtos\SkillDtos\SkillGetByIdDto.cs(11,23): warning CS8618: Non-nullable property 'Name' must contain a non-null value when exiting constructor. Consider adding the 'required' modifier or declaring the property as nullable. [C:\Users\leman\OneDrive\─░┼ƒ masas─▒\MicroJob\src\Services\Job\JobUser\Job.Business\Job.Business.csproj]
C:\Users\leman\OneDrive\─░┼ƒ masas─▒\MicroJob\src\Services\Job\JobUser\Job.Business\Exceptions\UserExceptions\UserIsNotLoggedInException.cs(23,28): warning CS8601: Possible null reference assignment. [C:\Users\leman\OneDrive\─░┼ƒ masas─▒\MicroJob\src\Services\Job\JobUser\Job.Business\Job.Business.csproj]
C:\Users\leman\OneDrive\─░┼ƒ masas─▒\MicroJob\src\Services\Job\JobUser\Job.Business\Exceptions\UserExceptions\UserIsNotLoggedInException.cs(21,16): warning CS8618: Non-nullable property 'ErrorMessage' must contain a non-null value when exiting constructor. Consider adding the 'required' modifier or declaring the property as nullable. [C:\Users\leman\OneDrive\─░┼ƒ masas─▒\MicroJob\src\Services\Job\JobUser\Job.Business\Job.Business.csproj]
C:\Users\leman\OneDrive\─░┼ƒ masas─▒\MicroJob\src\Services\Job\JobUser\Job.Business\Exceptions\Common\NotFoundException.cs(23,28): warning CS8601: Possible null reference assignment. [C:\Users\leman\OneDrive\─░┼ƒ masas─▒\MicroJob\src\Services\Job\JobUser\Job.Business\Job.Business.csproj]
C:\Users\leman\OneDrive\─░┼ƒ masas─▒\MicroJob\src\Services\Job\JobUser\Job.Business\Exceptions\Common\NotFoundException.cs(21,16): warning CS8618: Non-nullable property 'ErrorMessage' must contain a non-null value when exiting constructor. Consider adding the 'required' modifier or declaring the property as nullable. [C:\Users\leman\OneDrive\─░┼ƒ masas─▒\MicroJob\src\Services\Job\JobUser\Job.Business\Job.Business.csproj]
C:\Users\leman\OneDrive\─░┼ƒ masas─▒\MicroJob\src\Services\Job\JobUser\Job.Business\Dtos\SkillDtos\SkillDto.cs(5,23): warning CS8618: Non-nullable property 'Name' must contain a non-null value when exiting constructor. Consider adding the 'required' modifier or declaring the property as nullable. [C:\Users\leman\OneDrive\─░┼ƒ masas─▒\MicroJob\src\Services\Job\JobUser\Job.Business\Job.Business.csproj]
C:\Users\leman\OneDrive\─░┼ƒ masas─▒\MicroJob\src\Services\Job\JobUser\Job.Business\Exceptions\UserExceptions\UserAlreadyCompletedExamException.cs(16,24): warning CS8601: Possible null reference assignment. [C:\Users\leman\OneDrive\─░┼ƒ masas─▒\MicroJob\src\Services\Job\JobUser\Job.Business\Job.Business.csproj]
C:\Users\leman\OneDrive\─░┼ƒ masas─▒\MicroJob\src\Services\Job\JobUser\Job.Business\Exceptions\UserExceptions\UserAlreadyCompletedExamException.cs(14,12): warning CS8618: Non-nullable property 'ErrorMessage' must contain a non-null value when exiting constructor. Consider adding the 'required' modifier or declaring the property as nullable. [C:\Users\leman\OneDrive\─░┼ƒ masas─▒\MicroJob\src\Services\Job\JobUser\Job.Business\Job.Business.csproj]
C:\Users\leman\OneDrive\─░┼ƒ masas─▒\MicroJob\src\Services\Job\JobUser\Job.Business\Exceptions\Common\IsAlreadyExistException.cs(23,28): warning CS8601: Possible null reference assignment. [C:\Users\leman\OneDrive\─░┼ƒ masas─▒\MicroJob\src\Services\Job\JobUser\Job.Business\Job.Business.csproj]
C:\Users\leman\OneDrive\─░┼ƒ masas─▒\MicroJob\src\Services\Job\JobUser\Job.Business\Exceptions\Common\IsAlreadyExistException.cs(21,16): warning CS8618: Non-nullable property 'ErrorMessage' must contain a non-null value when exiting constructor. Consider adding the 'required' modifier or declaring the property as nullable. [C:\Users\leman\OneDrive\─░┼ƒ masas─▒\MicroJob\src\Services\Job\JobUser\Job.Business\Job.Business.csproj]
C:\Users\leman\OneDrive\─░┼ƒ masas─▒\MicroJob\src\Services\Job\JobUser\Job.Business\Exceptions\UserExceptions\NotFoundUserException.cs(23,28): warning CS8601: Possible null reference assignment. [C:\Users\leman\OneDrive\─░┼ƒ masas─▒\MicroJob\src\Services\Job\JobUser\Job.Business\Job.Business.csproj]
C:\Users\leman\OneDrive\─░┼ƒ masas─▒\MicroJob\src\Services\Job\JobUser\Job.Business\Exceptions\UserExceptions\NotFoundUserException.cs(21,16): warning CS8618: Non-nullable property 'ErrorMessage' must contain a non-null value when exiting constructor. Consider adding the 'required' modifier or declaring the property as nullable. [C:\Users\leman\OneDrive\─░┼ƒ masas─▒\MicroJob\src\Services\Job\JobUser\Job.Business\Job.Business.csproj]
C:\Users\leman\OneDrive\─░┼ƒ masas─▒\MicroJob\src\Services\Job\JobUser\Job.Business\Exceptions\Common\CreateException.cs(23,28): warning CS8601: Possible null reference assignment. [C:\Users\leman\OneDrive\─░┼ƒ masas─▒\MicroJob\src\Services\Job\JobUser\Job.Business\Job.Business.csproj]
C:\Users\leman\OneDrive\─░┼ƒ masas─▒\MicroJob\src\Services\Job\JobUser\Job.Business\Exceptions\Common\CreateException.cs(21,16): warning CS8618: Non-nullable property 'ErrorMessage' must contain a non-null value when exiting constructor. Consider adding the 'required' modifier or declaring the property as nullable. [C:\Users\leman\OneDrive\─░┼ƒ masas─▒\MicroJob\src\Services\Job\JobUser\Job.Business\Job.Business.csproj]
C:\Users\leman\OneDrive\─░┼ƒ masas─▒\MicroJob\src\Services\Job\JobUser\Job.Business\Exceptions\ApplicationExceptions\ApplicationIsAlreadyExistException.cs(24,28): warning CS8601: Possible null reference assignment. [C:\Users\leman\OneDrive\─░┼ƒ masas─▒\MicroJob\src\Services\Job\JobUser\Job.Business\Job.Business.csproj]
C:\Users\leman\OneDrive\─░┼ƒ masas─▒\MicroJob\src\Services\Job\JobUser\Job.Business\Exceptions\ApplicationExceptions\ApplicationIsAlreadyExistException.cs(21,16): warning CS8618: Non-nullable property 'ErrorMessage' must contain a non-null value when exiting constructor. Consider adding the 'required' modifier or declaring the property as nullable. [C:\Users\leman\OneDrive\─░┼ƒ masas─▒\MicroJob\src\Services\Job\JobUser\Job.Business\Job.Business.csproj]
C:\Users\leman\OneDrive\─░┼ƒ masas─▒\MicroJob\src\Services\Job\JobUser\Job.Business\Dtos\SkillDtos\SkillCreateDto.cs(14,19): warning CS8618: Non-nullable property 'Name' must contain a non-null value when exiting constructor. Consider adding the 'required' modifier or declaring the property as nullable. [C:\Users\leman\OneDrive\─░┼ƒ masas─▒\MicroJob\src\Services\Job\JobUser\Job.Business\Job.Business.csproj]
C:\Users\leman\OneDrive\─░┼ƒ masas─▒\MicroJob\src\Services\Job\JobUser\Job.Business\Dtos\SkillDtos\SkillCreateDto.cs(9,41): warning CS8618: Non-nullable property 'Skills' must contain a non-null value when exiting constructor. Consider adding the 'required' modifier or declaring the property as nullable. [C:\Users\leman\OneDrive\─░┼ƒ masas─▒\MicroJob\src\Services\Job\JobUser\Job.Business\Job.Business.csproj]
C:\Users\leman\OneDrive\─░┼ƒ masas─▒\MicroJob\src\Services\Job\JobUser\Job.Business\Dtos\SkillDtos\GetAllSkillDto.cs(6,23): warning CS8618: Non-nullable property 'Name' must contain a non-null value when exiting constructor. Consider adding the 'required' modifier or declaring the property as nullable. [C:\Users\leman\OneDrive\─░┼ƒ masas─▒\MicroJob\src\Services\Job\JobUser\Job.Business\Job.Business.csproj]
C:\Users\leman\OneDrive\─░┼ƒ masas─▒\MicroJob\src\Services\Job\JobUser\Job.Business\Dtos\ResumeDtos\ResumeUpdateListDto.cs(14,36): warning CS8618: Non-nullable property 'NumberUpdateDtos' must contain a non-null value when exiting constructor. Consider adding the 'required' modifier or declaring the property as nullable. [C:\Users\leman\OneDrive\─░┼ƒ masas─▒\MicroJob\src\Services\Job\JobUser\Job.Business\Job.Business.csproj]
C:\Users\leman\OneDrive\─░┼ƒ masas─▒\MicroJob\src\Services\Job\JobUser\Job.Business\Dtos\ResumeDtos\ResumeUpdateListDto.cs(15,40): warning CS8618: Non-nullable property 'ExperienceUpdateDtos' must contain a non-null value when exiting constructor. Consider adding the 'required' modifier or declaring the property as nullable. [C:\Users\leman\OneDrive\─░┼ƒ masas─▒\MicroJob\src\Services\Job\JobUser\Job.Business\Job.Business.csproj]
C:\Users\leman\OneDrive\─░┼ƒ masas─▒\MicroJob\src\Services\Job\JobUser\Job.Business\Dtos\ResumeDtos\ResumeUpdateListDto.cs(16,39): warning CS8618: Non-nullable property 'EducationUpdateDtos' must contain a non-null value when exiting constructor. Consider adding the 'required' modifier or declaring the property as nullable. [C:\Users\leman\OneDrive\─░┼ƒ masas─▒\MicroJob\src\Services\Job\JobUser\Job.Business\Job.Business.csproj]
C:\Users\leman\OneDrive\─░┼ƒ masas─▒\MicroJob\src\Services\Job\JobUser\Job.Business\Dtos\ResumeDtos\ResumeUpdateListDto.cs(17,38): warning CS8618: Non-nullable property 'LanguageUpdateDtos' must contain a non-null value when exiting constructor. Consider adding the 'required' modifier or declaring the property as nullable. [C:\Users\leman\OneDrive\─░┼ƒ masas─▒\MicroJob\src\Services\Job\JobUser\Job.Business\Job.Business.csproj]
C:\Users\leman\OneDrive\─░┼ƒ masas─▒\MicroJob\src\Services\Job\JobUser\Job.Business\Dtos\Common\DataListDto.cs(11,24): warning CS8618: Non-nullable property 'Datas' must contain a non-null value when exiting constructor. Consider adding the 'required' modifier or declaring the property as nullable. [C:\Users\leman\OneDrive\─░┼ƒ masas─▒\MicroJob\src\Services\Job\JobUser\Job.Business\Job.Business.csproj]
C:\Users\leman\OneDrive\─░┼ƒ masas─▒\MicroJob\src\Services\Job\JobUser\Job.Business\Dtos\CertificateDtos\CertificateCreateDto.cs(8,23): warning CS8618: Non-nullable property 'CertificateName' must contain a non-null value when exiting constructor. Consider adding the 'required' modifier or declaring the property as nullable. [C:\Users\leman\OneDrive\─░┼ƒ masas─▒\MicroJob\src\Services\Job\JobUser\Job.Business\Job.Business.csproj]
C:\Users\leman\OneDrive\─░┼ƒ masas─▒\MicroJob\src\Services\Job\JobUser\Job.Business\Dtos\CertificateDtos\CertificateCreateDto.cs(9,23): warning CS8618: Non-nullable property 'GivenOrganization' must contain a non-null value when exiting constructor. Consider adding the 'required' modifier or declaring the property as nullable. [C:\Users\leman\OneDrive\─░┼ƒ masas─▒\MicroJob\src\Services\Job\JobUser\Job.Business\Job.Business.csproj]
C:\Users\leman\OneDrive\─░┼ƒ masas─▒\MicroJob\src\Services\Job\JobUser\Job.Business\Dtos\CertificateDtos\CertificateCreateDto.cs(10,26): warning CS8618: Non-nullable property 'CertificateFile' must contain a non-null value when exiting constructor. Consider adding the 'required' modifier or declaring the property as nullable. [C:\Users\leman\OneDrive\─░┼ƒ masas─▒\MicroJob\src\Services\Job\JobUser\Job.Business\Job.Business.csproj]
C:\Users\leman\OneDrive\─░┼ƒ masas─▒\MicroJob\src\Services\Job\JobUser\Job.Business\Dtos\CertificateDtos\CertificateGetByIdDto.cs(5,23): warning CS8618: Non-nullable property 'CertificateName' must contain a non-null value when exiting constructor. Consider adding the 'required' modifier or declaring the property as nullable. [C:\Users\leman\OneDrive\─░┼ƒ masas─▒\MicroJob\src\Services\Job\JobUser\Job.Business\Job.Business.csproj]
C:\Users\leman\OneDrive\─░┼ƒ masas─▒\MicroJob\src\Services\Job\JobUser\Job.Business\Dtos\CertificateDtos\CertificateGetByIdDto.cs(6,23): warning CS8618: Non-nullable property 'GivenOrganization' must contain a non-null value when exiting constructor. Consider adding the 'required' modifier or declaring the property as nullable. [C:\Users\leman\OneDrive\─░┼ƒ masas─▒\MicroJob\src\Services\Job\JobUser\Job.Business\Job.Business.csproj]
C:\Users\leman\OneDrive\─░┼ƒ masas─▒\MicroJob\src\Services\Job\JobUser\Job.Business\Dtos\CertificateDtos\CertificateGetByIdDto.cs(7,23): warning CS8618: Non-nullable property 'CertificateFile' must contain a non-null value when exiting constructor. Consider adding the 'required' modifier or declaring the property as nullable. [C:\Users\leman\OneDrive\─░┼ƒ masas─▒\MicroJob\src\Services\Job\JobUser\Job.Business\Job.Business.csproj]
C:\Users\leman\OneDrive\─░┼ƒ masas─▒\MicroJob\src\Services\Job\JobUser\Job.Business\Extensions\TranslationExtension.cs(19,42): warning CS8603: Possible null reference return. [C:\Users\leman\OneDrive\─░┼ƒ masas─▒\MicroJob\src\Services\Job\JobUser\Job.Business\Job.Business.csproj]
C:\Users\leman\OneDrive\─░┼ƒ masas─▒\MicroJob\src\Services\Job\JobUser\Job.Business\Extensions\TranslationExtension.cs(23,16): warning CS8603: Possible null reference return. [C:\Users\leman\OneDrive\─░┼ƒ masas─▒\MicroJob\src\Services\Job\JobUser\Job.Business\Job.Business.csproj]
C:\Users\leman\OneDrive\─░┼ƒ masas─▒\MicroJob\src\Services\Job\JobUser\Job.Business\Extensions\TranslationExtension.cs(34,42): warning CS8603: Possible null reference return. [C:\Users\leman\OneDrive\─░┼ƒ masas─▒\MicroJob\src\Services\Job\JobUser\Job.Business\Job.Business.csproj]
C:\Users\leman\OneDrive\─░┼ƒ masas─▒\MicroJob\src\Services\Job\JobUser\Job.Business\Extensions\TranslationExtension.cs(38,16): warning CS8603: Possible null reference return. [C:\Users\leman\OneDrive\─░┼ƒ masas─▒\MicroJob\src\Services\Job\JobUser\Job.Business\Job.Business.csproj]
C:\Users\leman\OneDrive\─░┼ƒ masas─▒\MicroJob\src\Services\Job\JobUser\Job.Business\Dtos\ResumeDtos\ResumeUpdateDto.cs(12,23): warning CS8618: Non-nullable property 'FatherName' must contain a non-null value when exiting constructor. Consider adding the 'required' modifier or declaring the property as nullable. [C:\Users\leman\OneDrive\─░┼ƒ masas─▒\MicroJob\src\Services\Job\JobUser\Job.Business\Job.Business.csproj]
C:\Users\leman\OneDrive\─░┼ƒ masas─▒\MicroJob\src\Services\Job\JobUser\Job.Business\Dtos\ResumeDtos\ResumeUpdateDto.cs(13,23): warning CS8618: Non-nullable property 'Position' must contain a non-null value when exiting constructor. Consider adding the 'required' modifier or declaring the property as nullable. [C:\Users\leman\OneDrive\─░┼ƒ masas─▒\MicroJob\src\Services\Job\JobUser\Job.Business\Job.Business.csproj]
C:\Users\leman\OneDrive\─░┼ƒ masas─▒\MicroJob\src\Services\Job\JobUser\Job.Business\Dtos\CertificateDtos\CertificateUpdateDto.cs(8,23): warning CS8618: Non-nullable property 'Id' must contain a non-null value when exiting constructor. Consider adding the 'required' modifier or declaring the property as nullable. [C:\Users\leman\OneDrive\─░┼ƒ masas─▒\MicroJob\src\Services\Job\JobUser\Job.Business\Job.Business.csproj]
C:\Users\leman\OneDrive\─░┼ƒ masas─▒\MicroJob\src\Services\Job\JobUser\Job.Business\Dtos\CertificateDtos\CertificateUpdateDto.cs(9,23): warning CS8618: Non-nullable property 'CertificateName' must contain a non-null value when exiting constructor. Consider adding the 'required' modifier or declaring the property as nullable. [C:\Users\leman\OneDrive\─░┼ƒ masas─▒\MicroJob\src\Services\Job\JobUser\Job.Business\Job.Business.csproj]
C:\Users\leman\OneDrive\─░┼ƒ masas─▒\MicroJob\src\Services\Job\JobUser\Job.Business\Dtos\CertificateDtos\CertificateUpdateDto.cs(10,23): warning CS8618: Non-nullable property 'GivenOrganization' must contain a non-null value when exiting constructor. Consider adding the 'required' modifier or declaring the property as nullable. [C:\Users\leman\OneDrive\─░┼ƒ masas─▒\MicroJob\src\Services\Job\JobUser\Job.Business\Job.Business.csproj]
C:\Users\leman\OneDrive\─░┼ƒ masas─▒\MicroJob\src\Services\Job\JobUser\Job.Business\Dtos\CertificateDtos\CertificateUpdateDto.cs(11,26): warning CS8618: Non-nullable property 'CertificateFile' must contain a non-null value when exiting constructor. Consider adding the 'required' modifier or declaring the property as nullable. [C:\Users\leman\OneDrive\─░┼ƒ masas─▒\MicroJob\src\Services\Job\JobUser\Job.Business\Job.Business.csproj]
C:\Users\leman\OneDrive\─░┼ƒ masas─▒\MicroJob\src\Services\Job\JobUser\Job.Business\Dtos\ResumeDtos\ResumeDetailItemDto.cs(16,23): warning CS8618: Non-nullable property 'FirstName' must contain a non-null value when exiting constructor. Consider adding the 'required' modifier or declaring the property as nullable. [C:\Users\leman\OneDrive\─░┼ƒ masas─▒\MicroJob\src\Services\Job\JobUser\Job.Business\Job.Business.csproj]
C:\Users\leman\OneDrive\─░┼ƒ masas─▒\MicroJob\src\Services\Job\JobUser\Job.Business\Dtos\ResumeDtos\ResumeDetailItemDto.cs(17,23): warning CS8618: Non-nullable property 'LastName' must contain a non-null value when exiting constructor. Consider adding the 'required' modifier or declaring the property as nullable. [C:\Users\leman\OneDrive\─░┼ƒ masas─▒\MicroJob\src\Services\Job\JobUser\Job.Business\Job.Business.csproj]
C:\Users\leman\OneDrive\─░┼ƒ masas─▒\MicroJob\src\Services\Job\JobUser\Job.Business\Dtos\ResumeDtos\ResumeDetailItemDto.cs(18,23): warning CS8618: Non-nullable property 'FatherName' must contain a non-null value when exiting constructor. Consider adding the 'required' modifier or declaring the property as nullable. [C:\Users\leman\OneDrive\─░┼ƒ masas─▒\MicroJob\src\Services\Job\JobUser\Job.Business\Job.Business.csproj]
C:\Users\leman\OneDrive\─░┼ƒ masas─▒\MicroJob\src\Services\Job\JobUser\Job.Business\Dtos\ResumeDtos\ResumeDetailItemDto.cs(19,23): warning CS8618: Non-nullable property 'Position' must contain a non-null value when exiting constructor. Consider adding the 'required' modifier or declaring the property as nullable. [C:\Users\leman\OneDrive\─░┼ƒ masas─▒\MicroJob\src\Services\Job\JobUser\Job.Business\Job.Business.csproj]
C:\Users\leman\OneDrive\─░┼ƒ masas─▒\MicroJob\src\Services\Job\JobUser\Job.Business\Dtos\ResumeDtos\ResumeDetailItemDto.cs(31,45): warning CS8618: Non-nullable property 'Skills' must contain a non-null value when exiting constructor. Consider adding the 'required' modifier or declaring the property as nullable. [C:\Users\leman\OneDrive\─░┼ƒ masas─▒\MicroJob\src\Services\Job\JobUser\Job.Business\Job.Business.csproj]
C:\Users\leman\OneDrive\─░┼ƒ masas─▒\MicroJob\src\Services\Job\JobUser\Job.Business\Dtos\ResumeDtos\ResumeDetailItemDto.cs(32,46): warning CS8618: Non-nullable property 'PhoneNumbers' must contain a non-null value when exiting constructor. Consider adding the 'required' modifier or declaring the property as nullable. [C:\Users\leman\OneDrive\─░┼ƒ masas─▒\MicroJob\src\Services\Job\JobUser\Job.Business\Job.Business.csproj]
C:\Users\leman\OneDrive\─░┼ƒ masas─▒\MicroJob\src\Services\Job\JobUser\Job.Business\Dtos\ResumeDtos\ResumeDetailItemDto.cs(33,49): warning CS8618: Non-nullable property 'Educations' must contain a non-null value when exiting constructor. Consider adding the 'required' modifier or declaring the property as nullable. [C:\Users\leman\OneDrive\─░┼ƒ masas─▒\MicroJob\src\Services\Job\JobUser\Job.Business\Job.Business.csproj]
C:\Users\leman\OneDrive\─░┼ƒ masas─▒\MicroJob\src\Services\Job\JobUser\Job.Business\Dtos\ResumeDtos\ResumeCreateListsDto.cs(10,36): warning CS8618: Non-nullable property 'NumberCreateDtos' must contain a non-null value when exiting constructor. Consider adding the 'required' modifier or declaring the property as nullable. [C:\Users\leman\OneDrive\─░┼ƒ masas─▒\MicroJob\src\Services\Job\JobUser\Job.Business\Job.Business.csproj]
C:\Users\leman\OneDrive\─░┼ƒ masas─▒\MicroJob\src\Services\Job\JobUser\Job.Business\Dtos\ResumeDtos\ResumeCreateListsDto.cs(11,40): warning CS8618: Non-nullable property 'ExperienceCreateDtos' must contain a non-null value when exiting constructor. Consider adding the 'required' modifier or declaring the property as nullable. [C:\Users\leman\OneDrive\─░┼ƒ masas─▒\MicroJob\src\Services\Job\JobUser\Job.Business\Job.Business.csproj]
C:\Users\leman\OneDrive\─░┼ƒ masas─▒\MicroJob\src\Services\Job\JobUser\Job.Business\Dtos\ResumeDtos\ResumeCreateListsDto.cs(12,39): warning CS8618: Non-nullable property 'EducationCreateDtos' must contain a non-null value when exiting constructor. Consider adding the 'required' modifier or declaring the property as nullable. [C:\Users\leman\OneDrive\─░┼ƒ masas─▒\MicroJob\src\Services\Job\JobUser\Job.Business\Job.Business.csproj]
C:\Users\leman\OneDrive\─░┼ƒ masas─▒\MicroJob\src\Services\Job\JobUser\Job.Business\Dtos\ResumeDtos\ResumeCreateListsDto.cs(13,38): warning CS8618: Non-nullable property 'LanguageCreateDtos' must contain a non-null value when exiting constructor. Consider adding the 'required' modifier or declaring the property as nullable. [C:\Users\leman\OneDrive\─░┼ƒ masas─▒\MicroJob\src\Services\Job\JobUser\Job.Business\Job.Business.csproj]
C:\Users\leman\OneDrive\─░┼ƒ masas─▒\MicroJob\src\Services\Job\JobUser\Job.Business\Services\Application\UserApplicationService.cs(54,17): warning CS8602: Dereference of a possibly null reference. [C:\Users\leman\OneDrive\─░┼ƒ masas─▒\MicroJob\src\Services\Job\JobUser\Job.Business\Job.Business.csproj]
C:\Users\leman\OneDrive\─░┼ƒ masas─▒\MicroJob\src\Services\Job\JobUser\Job.Business\Services\Application\UserApplicationService.cs(54,17): warning CS8604: Possible null reference argument for parameter 'input' in 'Guid Guid.Parse(string input)'. [C:\Users\leman\OneDrive\─░┼ƒ masas─▒\MicroJob\src\Services\Job\JobUser\Job.Business\Job.Business.csproj]
C:\Users\leman\OneDrive\─░┼ƒ masas─▒\MicroJob\src\Services\Job\JobUser\Job.Business\Dtos\ResumeDtos\ResumeCreateDto.cs(13,23): warning CS8618: Non-nullable property 'FatherName' must contain a non-null value when exiting constructor. Consider adding the 'required' modifier or declaring the property as nullable. [C:\Users\leman\OneDrive\─░┼ƒ masas─▒\MicroJob\src\Services\Job\JobUser\Job.Business\Job.Business.csproj]
C:\Users\leman\OneDrive\─░┼ƒ masas─▒\MicroJob\src\Services\Job\JobUser\Job.Business\Dtos\ResumeDtos\ResumeCreateDto.cs(14,23): warning CS8618: Non-nullable property 'Position' must contain a non-null value when exiting constructor. Consider adding the 'required' modifier or declaring the property as nullable. [C:\Users\leman\OneDrive\─░┼ƒ masas─▒\MicroJob\src\Services\Job\JobUser\Job.Business\Job.Business.csproj]
C:\Users\leman\OneDrive\─░┼ƒ masas─▒\MicroJob\src\Services\Job\JobUser\Job.Business\Dtos\QuestionDtos\QuestionPublicDto.cs(9,19): warning CS8618: Non-nullable property 'Title' must contain a non-null value when exiting constructor. Consider adding the 'required' modifier or declaring the property as nullable. [C:\Users\leman\OneDrive\─░┼ƒ masas─▒\MicroJob\src\Services\Job\JobUser\Job.Business\Job.Business.csproj]
C:\Users\leman\OneDrive\─░┼ƒ masas─▒\MicroJob\src\Services\Job\JobUser\Job.Business\Dtos\QuestionDtos\QuestionPublicDto.cs(10,19): warning CS8618: Non-nullable property 'Image' must contain a non-null value when exiting constructor. Consider adding the 'required' modifier or declaring the property as nullable. [C:\Users\leman\OneDrive\─░┼ƒ masas─▒\MicroJob\src\Services\Job\JobUser\Job.Business\Job.Business.csproj]
C:\Users\leman\OneDrive\─░┼ƒ masas─▒\MicroJob\src\Services\Job\JobUser\Job.Business\Dtos\QuestionDtos\QuestionPublicDto.cs(13,34): warning CS8618: Non-nullable property 'Answers' must contain a non-null value when exiting constructor. Consider adding the 'required' modifier or declaring the property as nullable. [C:\Users\leman\OneDrive\─░┼ƒ masas─▒\MicroJob\src\Services\Job\JobUser\Job.Business\Job.Business.csproj]
C:\Users\leman\OneDrive\─░┼ƒ masas─▒\MicroJob\src\Services\Job\JobUser\Job.Business\Dtos\NumberDtos\NumberUpdateListDto.cs(10,45): warning CS8618: Non-nullable property 'PhoneNumbers' must contain a non-null value when exiting constructor. Consider adding the 'required' modifier or declaring the property as nullable. [C:\Users\leman\OneDrive\─░┼ƒ masas─▒\MicroJob\src\Services\Job\JobUser\Job.Business\Job.Business.csproj]
C:\Users\leman\OneDrive\─░┼ƒ masas─▒\MicroJob\src\Services\Job\JobUser\Job.Business\Dtos\NumberDtos\NumberUpdateDto.cs(5,23): warning CS8618: Non-nullable property 'Id' must contain a non-null value when exiting constructor. Consider adding the 'required' modifier or declaring the property as nullable. [C:\Users\leman\OneDrive\─░┼ƒ masas─▒\MicroJob\src\Services\Job\JobUser\Job.Business\Job.Business.csproj]
C:\Users\leman\OneDrive\─░┼ƒ masas─▒\MicroJob\src\Services\Job\JobUser\Job.Business\Dtos\NumberDtos\NumberUpdateDto.cs(6,23): warning CS8618: Non-nullable property 'PhoneNumber' must contain a non-null value when exiting constructor. Consider adding the 'required' modifier or declaring the property as nullable. [C:\Users\leman\OneDrive\─░┼ƒ masas─▒\MicroJob\src\Services\Job\JobUser\Job.Business\Job.Business.csproj]
C:\Users\leman\OneDrive\─░┼ƒ masas─▒\MicroJob\src\Services\Job\JobUser\Job.Business\Dtos\NumberDtos\NumberGetByIdDto.cs(5,23): warning CS8618: Non-nullable property 'PhoneNumber' must contain a non-null value when exiting constructor. Consider adding the 'required' modifier or declaring the property as nullable. [C:\Users\leman\OneDrive\─░┼ƒ masas─▒\MicroJob\src\Services\Job\JobUser\Job.Business\Job.Business.csproj]
C:\Users\leman\OneDrive\─░┼ƒ masas─▒\MicroJob\src\Services\Job\JobUser\Job.Business\Dtos\NumberDtos\NumberCreateListDto.cs(10,45): warning CS8618: Non-nullable property 'PhoneNumbers' must contain a non-null value when exiting constructor. Consider adding the 'required' modifier or declaring the property as nullable. [C:\Users\leman\OneDrive\─░┼ƒ masas─▒\MicroJob\src\Services\Job\JobUser\Job.Business\Job.Business.csproj]
C:\Users\leman\OneDrive\─░┼ƒ masas─▒\MicroJob\src\Services\Job\JobUser\Job.Business\Dtos\NumberDtos\NumberCreateDto.cs(5,23): warning CS8618: Non-nullable property 'PhoneNumber' must contain a non-null value when exiting constructor. Consider adding the 'required' modifier or declaring the property as nullable. [C:\Users\leman\OneDrive\─░┼ƒ masas─▒\MicroJob\src\Services\Job\JobUser\Job.Business\Job.Business.csproj]
C:\Users\leman\OneDrive\─░┼ƒ masas─▒\MicroJob\src\Services\Job\JobUser\Job.Business\Dtos\NotificationDtos\PaginatedNotificationDto.cs(5,38): warning CS8618: Non-nullable property 'Notifications' must contain a non-null value when exiting constructor. Consider adding the 'required' modifier or declaring the property as nullable. [C:\Users\leman\OneDrive\─░┼ƒ masas─▒\MicroJob\src\Services\Job\JobUser\Job.Business\Job.Business.csproj]
C:\Users\leman\OneDrive\─░┼ƒ masas─▒\MicroJob\src\Services\Job\JobUser\Job.Business\Dtos\NotificationDtos\NotificationListDto.cs(13,19): warning CS8618: Non-nullable property 'Content' must contain a non-null value when exiting constructor. Consider adding the 'required' modifier or declaring the property as nullable. [C:\Users\leman\OneDrive\─░┼ƒ masas─▒\MicroJob\src\Services\Job\JobUser\Job.Business\Job.Business.csproj]
C:\Users\leman\OneDrive\─░┼ƒ masas─▒\MicroJob\src\Services\Job\JobUser\Job.Business\Dtos\NotificationDtos\NotificationDto.cs(9,23): warning CS8618: Non-nullable property 'Content' must contain a non-null value when exiting constructor. Consider adding the 'required' modifier or declaring the property as nullable. [C:\Users\leman\OneDrive\─░┼ƒ masas─▒\MicroJob\src\Services\Job\JobUser\Job.Business\Job.Business.csproj]
C:\Users\leman\OneDrive\─░┼ƒ masas─▒\MicroJob\src\Services\Job\JobUser\Job.Business\Dtos\LanguageDtos\LanguageUpdateListDto.cs(10,47): warning CS8618: Non-nullable property 'Languages' must contain a non-null value when exiting constructor. Consider adding the 'required' modifier or declaring the property as nullable. [C:\Users\leman\OneDrive\─░┼ƒ masas─▒\MicroJob\src\Services\Job\JobUser\Job.Business\Job.Business.csproj]
C:\Users\leman\OneDrive\─░┼ƒ masas─▒\MicroJob\src\Services\Job\JobUser\Job.Business\Dtos\LanguageDtos\LanguageUpdateDto.cs(8,23): warning CS8618: Non-nullable property 'Id' must contain a non-null value when exiting constructor. Consider adding the 'required' modifier or declaring the property as nullable. [C:\Users\leman\OneDrive\─░┼ƒ masas─▒\MicroJob\src\Services\Job\JobUser\Job.Business\Job.Business.csproj]
C:\Users\leman\OneDrive\─░┼ƒ masas─▒\MicroJob\src\Services\Job\JobUser\Job.Business\Dtos\LanguageDtos\LanguageCreateListDto.cs(5,47): warning CS8618: Non-nullable property 'Languages' must contain a non-null value when exiting constructor. Consider adding the 'required' modifier or declaring the property as nullable. [C:\Users\leman\OneDrive\─░┼ƒ masas─▒\MicroJob\src\Services\Job\JobUser\Job.Business\Job.Business.csproj]
C:\Users\leman\OneDrive\─░┼ƒ masas─▒\MicroJob\src\Services\Job\JobUser\Job.Business\Dtos\EducationDtos\EducationUpdateListDto.cs(10,48): warning CS8618: Non-nullable property 'Educations' must contain a non-null value when exiting constructor. Consider adding the 'required' modifier or declaring the property as nullable. [C:\Users\leman\OneDrive\─░┼ƒ masas─▒\MicroJob\src\Services\Job\JobUser\Job.Business\Job.Business.csproj]
C:\Users\leman\OneDrive\─░┼ƒ masas─▒\MicroJob\src\Services\Job\JobUser\Job.Business\Dtos\ExperienceDtos\ExperienceUpdateListDto.cs(10,49): warning CS8618: Non-nullable property 'Experiences' must contain a non-null value when exiting constructor. Consider adding the 'required' modifier or declaring the property as nullable. [C:\Users\leman\OneDrive\─░┼ƒ masas─▒\MicroJob\src\Services\Job\JobUser\Job.Business\Job.Business.csproj]
C:\Users\leman\OneDrive\─░┼ƒ masas─▒\MicroJob\src\Services\Job\JobUser\Job.Business\ServiceRegistration.cs(65,13): warning CS0618: 'HostedServiceConfigurationExtensions.AddMassTransitHostedService(IServiceCollection)' is obsolete: 'Remove, the hosted service is automatically registered. Visit https://masstransit.io/obsolete for details.' [C:\Users\leman\OneDrive\─░┼ƒ masas─▒\MicroJob\src\Services\Job\JobUser\Job.Business\Job.Business.csproj]
C:\Users\leman\OneDrive\─░┼ƒ masas─▒\MicroJob\src\Services\Job\JobUser\Job.Business\Dtos\EducationDtos\EducationUpdateDto.cs(8,23): warning CS8618: Non-nullable property 'Id' must contain a non-null value when exiting constructor. Consider adding the 'required' modifier or declaring the property as nullable. [C:\Users\leman\OneDrive\─░┼ƒ masas─▒\MicroJob\src\Services\Job\JobUser\Job.Business\Job.Business.csproj]
C:\Users\leman\OneDrive\─░┼ƒ masas─▒\MicroJob\src\Services\Job\JobUser\Job.Business\Dtos\EducationDtos\EducationUpdateDto.cs(9,23): warning CS8618: Non-nullable property 'InstitutionName' must contain a non-null value when exiting constructor. Consider adding the 'required' modifier or declaring the property as nullable. [C:\Users\leman\OneDrive\─░┼ƒ masas─▒\MicroJob\src\Services\Job\JobUser\Job.Business\Job.Business.csproj]
C:\Users\leman\OneDrive\─░┼ƒ masas─▒\MicroJob\src\Services\Job\JobUser\Job.Business\Dtos\EducationDtos\EducationUpdateDto.cs(10,23): warning CS8618: Non-nullable property 'Profession' must contain a non-null value when exiting constructor. Consider adding the 'required' modifier or declaring the property as nullable. [C:\Users\leman\OneDrive\─░┼ƒ masas─▒\MicroJob\src\Services\Job\JobUser\Job.Business\Job.Business.csproj]
C:\Users\leman\OneDrive\─░┼ƒ masas─▒\MicroJob\src\Services\Job\JobUser\Job.Business\Dtos\ExperienceDtos\ExperienceUpdateDto.cs(7,23): warning CS8618: Non-nullable property 'Id' must contain a non-null value when exiting constructor. Consider adding the 'required' modifier or declaring the property as nullable. [C:\Users\leman\OneDrive\─░┼ƒ masas─▒\MicroJob\src\Services\Job\JobUser\Job.Business\Job.Business.csproj]
C:\Users\leman\OneDrive\─░┼ƒ masas─▒\MicroJob\src\Services\Job\JobUser\Job.Business\Dtos\ExperienceDtos\ExperienceUpdateDto.cs(8,23): warning CS8618: Non-nullable property 'OrganizationName' must contain a non-null value when exiting constructor. Consider adding the 'required' modifier or declaring the property as nullable. [C:\Users\leman\OneDrive\─░┼ƒ masas─▒\MicroJob\src\Services\Job\JobUser\Job.Business\Job.Business.csproj]
C:\Users\leman\OneDrive\─░┼ƒ masas─▒\MicroJob\src\Services\Job\JobUser\Job.Business\Dtos\ExperienceDtos\ExperienceUpdateDto.cs(9,23): warning CS8618: Non-nullable property 'PositionName' must contain a non-null value when exiting constructor. Consider adding the 'required' modifier or declaring the property as nullable. [C:\Users\leman\OneDrive\─░┼ƒ masas─▒\MicroJob\src\Services\Job\JobUser\Job.Business\Job.Business.csproj]
C:\Users\leman\OneDrive\─░┼ƒ masas─▒\MicroJob\src\Services\Job\JobUser\Job.Business\Dtos\ExperienceDtos\ExperienceGetByIdDto.cs(5,23): warning CS8618: Non-nullable property 'OrganizationName' must contain a non-null value when exiting constructor. Consider adding the 'required' modifier or declaring the property as nullable. [C:\Users\leman\OneDrive\─░┼ƒ masas─▒\MicroJob\src\Services\Job\JobUser\Job.Business\Job.Business.csproj]
C:\Users\leman\OneDrive\─░┼ƒ masas─▒\MicroJob\src\Services\Job\JobUser\Job.Business\Dtos\ExperienceDtos\ExperienceGetByIdDto.cs(6,23): warning CS8618: Non-nullable property 'PositionName' must contain a non-null value when exiting constructor. Consider adding the 'required' modifier or declaring the property as nullable. [C:\Users\leman\OneDrive\─░┼ƒ masas─▒\MicroJob\src\Services\Job\JobUser\Job.Business\Job.Business.csproj]
C:\Users\leman\OneDrive\─░┼ƒ masas─▒\MicroJob\src\Services\Job\JobUser\Job.Business\Dtos\EducationDtos\EducationGetByIdDto.cs(7,23): warning CS8618: Non-nullable property 'InstitutionName' must contain a non-null value when exiting constructor. Consider adding the 'required' modifier or declaring the property as nullable. [C:\Users\leman\OneDrive\─░┼ƒ masas─▒\MicroJob\src\Services\Job\JobUser\Job.Business\Job.Business.csproj]
C:\Users\leman\OneDrive\─░┼ƒ masas─▒\MicroJob\src\Services\Job\JobUser\Job.Business\Dtos\EducationDtos\EducationGetByIdDto.cs(8,23): warning CS8618: Non-nullable property 'Profession' must contain a non-null value when exiting constructor. Consider adding the 'required' modifier or declaring the property as nullable. [C:\Users\leman\OneDrive\─░┼ƒ masas─▒\MicroJob\src\Services\Job\JobUser\Job.Business\Job.Business.csproj]
C:\Users\leman\OneDrive\─░┼ƒ masas─▒\MicroJob\src\Services\Job\JobUser\Job.Business\Dtos\ExperienceDtos\ExperienceCreateListDto.cs(5,49): warning CS8618: Non-nullable property 'Experiences' must contain a non-null value when exiting constructor. Consider adding the 'required' modifier or declaring the property as nullable. [C:\Users\leman\OneDrive\─░┼ƒ masas─▒\MicroJob\src\Services\Job\JobUser\Job.Business\Job.Business.csproj]
C:\Users\leman\OneDrive\─░┼ƒ masas─▒\MicroJob\src\Services\Job\JobUser\Job.Business\Dtos\EducationDtos\EducationCreateListDto.cs(5,48): warning CS8618: Non-nullable property 'Educations' must contain a non-null value when exiting constructor. Consider adding the 'required' modifier or declaring the property as nullable. [C:\Users\leman\OneDrive\─░┼ƒ masas─▒\MicroJob\src\Services\Job\JobUser\Job.Business\Job.Business.csproj]
C:\Users\leman\OneDrive\─░┼ƒ masas─▒\MicroJob\src\Services\Job\JobUser\Job.Business\Dtos\ExamDtos\SubmitExamAnswersDto.cs(6,32): warning CS8618: Non-nullable property 'Answers' must contain a non-null value when exiting constructor. Consider adding the 'required' modifier or declaring the property as nullable. [C:\Users\leman\OneDrive\─░┼ƒ masas─▒\MicroJob\src\Services\Job\JobUser\Job.Business\Job.Business.csproj]
C:\Users\leman\OneDrive\─░┼ƒ masas─▒\MicroJob\src\Services\Job\JobUser\Job.Business\Dtos\ExamDtos\GetExamQuestionsDetailDto.cs(10,36): warning CS8618: Non-nullable property 'Questions' must contain a non-null value when exiting constructor. Consider adding the 'required' modifier or declaring the property as nullable. [C:\Users\leman\OneDrive\─░┼ƒ masas─▒\MicroJob\src\Services\Job\JobUser\Job.Business\Job.Business.csproj]
C:\Users\leman\OneDrive\─░┼ƒ masas─▒\MicroJob\src\Services\Job\JobUser\Job.Business\Dtos\ExperienceDtos\ExperienceCreateDto.cs(7,23): warning CS8618: Non-nullable property 'OrganizationName' must contain a non-null value when exiting constructor. Consider adding the 'required' modifier or declaring the property as nullable. [C:\Users\leman\OneDrive\─░┼ƒ masas─▒\MicroJob\src\Services\Job\JobUser\Job.Business\Job.Business.csproj]
C:\Users\leman\OneDrive\─░┼ƒ masas─▒\MicroJob\src\Services\Job\JobUser\Job.Business\Dtos\ExperienceDtos\ExperienceCreateDto.cs(8,23): warning CS8618: Non-nullable property 'PositionName' must contain a non-null value when exiting constructor. Consider adding the 'required' modifier or declaring the property as nullable. [C:\Users\leman\OneDrive\─░┼ƒ masas─▒\MicroJob\src\Services\Job\JobUser\Job.Business\Job.Business.csproj]
C:\Users\leman\OneDrive\─░┼ƒ masas─▒\MicroJob\src\Services\Job\JobUser\Job.Business\Dtos\EducationDtos\EducationCreateDto.cs(8,23): warning CS8618: Non-nullable property 'InstitutionName' must contain a non-null value when exiting constructor. Consider adding the 'required' modifier or declaring the property as nullable. [C:\Users\leman\OneDrive\─░┼ƒ masas─▒\MicroJob\src\Services\Job\JobUser\Job.Business\Job.Business.csproj]
C:\Users\leman\OneDrive\─░┼ƒ masas─▒\MicroJob\src\Services\Job\JobUser\Job.Business\Dtos\EducationDtos\EducationCreateDto.cs(9,23): warning CS8618: Non-nullable property 'Profession' must contain a non-null value when exiting constructor. Consider adding the 'required' modifier or declaring the property as nullable. [C:\Users\leman\OneDrive\─░┼ƒ masas─▒\MicroJob\src\Services\Job\JobUser\Job.Business\Job.Business.csproj]
C:\Users\leman\OneDrive\─░┼ƒ masas─▒\MicroJob\src\Services\Job\JobUser\Job.Business\Services\Resume\ResumeService.cs(317,59): warning CS8604: Possible null reference argument for parameter 'source' in 'IEnumerable<ExperienceGetByIdDto> Enumerable.Select<Experience, ExperienceGetByIdDto>(IEnumerable<Experience> source, Func<Experience, ExperienceGetByIdDto> selector)'. [C:\Users\leman\OneDrive\─░┼ƒ masas─▒\MicroJob\src\Services\Job\JobUser\Job.Business\Job.Business.csproj]
C:\Users\leman\OneDrive\─░┼ƒ masas─▒\MicroJob\src\Services\Job\JobUser\Job.Business\Services\Resume\ResumeService.cs(326,57): warning CS8604: Possible null reference argument for parameter 'source' in 'IEnumerable<LanguageGetByIdDto> Enumerable.Select<Language, LanguageGetByIdDto>(IEnumerable<Language> source, Func<Language, LanguageGetByIdDto> selector)'. [C:\Users\leman\OneDrive\─░┼ƒ masas─▒\MicroJob\src\Services\Job\JobUser\Job.Business\Job.Business.csproj]
C:\Users\leman\OneDrive\─░┼ƒ masas─▒\MicroJob\src\Services\Job\JobUser\Job.Business\Services\Resume\ResumeService.cs(331,60): warning CS8604: Possible null reference argument for parameter 'source' in 'IEnumerable<CertificateGetByIdDto> Enumerable.Select<Certificate, CertificateGetByIdDto>(IEnumerable<Certificate> source, Func<Certificate, CertificateGetByIdDto> selector)'. [C:\Users\leman\OneDrive\─░┼ƒ masas─▒\MicroJob\src\Services\Job\JobUser\Job.Business\Job.Business.csproj]
C:\Users\leman\OneDrive\─░┼ƒ masas─▒\MicroJob\src\Services\Job\JobUser\Job.Business\Consumers\VacancyCreatedConsumer.cs(37,21): error CS0117: 'Notification' does not contain a definition for 'Content' [C:\Users\leman\OneDrive\─░┼ƒ masas─▒\MicroJob\src\Services\Job\JobUser\Job.Business\Job.Business.csproj]
    97 Warning(s)
    1 Error(s)

Time Elapsed 00:00:03.65

Workload updates are available. Run `dotnet workload list` for more information.
